// Jest Snapshot v1, https://goo.gl/fbAQLP

exports[`jest test renders without crashing 1`] = `
<View
  style={
    Object {
      "marginTop": 25,
      "padding": 10,
    }
  }
>
  <View
    style={
      Object {
        "flexDirection": "row",
        "justifyContent": "space-around",
      }
    }
  >
    <View
      accessibilityComponentType={undefined}
      accessibilityLabel={undefined}
      accessibilityTraits={undefined}
      accessible={true}
      hasTVPreferredFocus={undefined}
      hitSlop={undefined}
      isTVSelectable={true}
      nativeID={undefined}
      onLayout={undefined}
      onResponderGrant={[Function]}
      onResponderMove={[Function]}
      onResponderRelease={[Function]}
      onResponderTerminate={[Function]}
      onResponderTerminationRequest={[Function]}
      onStartShouldSetResponder={[Function]}
      style={
        Object {
          "alignItems": "center",
          "flex": 1,
          "padding": 10,
        }
      }
      testID={undefined}
      tvParallaxProperties={undefined}
    >
      <Text
        accessible={true}
        allowFontScaling={true}
        ellipsizeMode="tail"
        style={null}
      >
        Address
      </Text>
    </View>
    <View
      accessibilityComponentType={undefined}
      accessibilityLabel={undefined}
      accessibilityTraits={undefined}
      accessible={true}
      hasTVPreferredFocus={undefined}
      hitSlop={undefined}
      isTVSelectable={true}
      nativeID={undefined}
      onLayout={undefined}
      onResponderGrant={[Function]}
      onResponderMove={[Function]}
      onResponderRelease={[Function]}
      onResponderTerminate={[Function]}
      onResponderTerminationRequest={[Function]}
      onStartShouldSetResponder={[Function]}
      style={
        Object {
          "alignItems": "center",
          "flex": 1,
          "padding": 10,
        }
      }
      testID={undefined}
      tvParallaxProperties={undefined}
    >
      <Text
        accessible={true}
        allowFontScaling={true}
        ellipsizeMode="tail"
        style={null}
      >
        GetFile
      </Text>
    </View>
  </View>
  <View
    style={
      Object {
        "marginTop": 25,
        "padding": 10,
      }
    }
  >
    <View
      style={
        Object {
          "marginTop": 25,
          "padding": 10,
        }
      }
    >
      <Text
        accessible={true}
        allowFontScaling={true}
        ellipsizeMode="tail"
      >
        firstName:
        unknown
      </Text>
      <Text
        accessible={true}
        allowFontScaling={true}
        ellipsizeMode="tail"
        style={
          Object {
            "alignItems": "center",
            "backgroundColor": "#fff",
            "justifyContent": "center",
          }
        }
      >
        lastName:
        unknown
      </Text>
      <Text
        accessible={true}
        allowFontScaling={true}
        ellipsizeMode="tail"
        style={
          Object {
            "alignItems": "center",
            "backgroundColor": "#fff",
            "justifyContent": "center",
          }
        }
      >
        Street:
        unknown
      </Text>
      <Text
        accessible={true}
        allowFontScaling={true}
        ellipsizeMode="tail"
        style={
          Object {
            "alignItems": "center",
            "backgroundColor": "#fff",
            "justifyContent": "center",
          }
        }
      >
        City:
        unknown
      </Text>
      <Text
        accessible={true}
        allowFontScaling={true}
        ellipsizeMode="tail"
        style={
          Object {
            "alignItems": "center",
            "backgroundColor": "#fff",
            "justifyContent": "center",
          }
        }
      >
        State:
        unknown
      </Text>
      <Text
        accessible={true}
        allowFontScaling={true}
        ellipsizeMode="tail"
        style={
          Object {
            "alignItems": "center",
            "backgroundColor": "#fff",
            "justifyContent": "center",
          }
        }
      >
        Zip:
        unknown
      </Text>
      <Text
        accessible={true}
        allowFontScaling={true}
        ellipsizeMode="tail"
        style={
          Object {
            "alignItems": "center",
            "backgroundColor": "#fff",
            "justifyContent": "center",
          }
        }
      >
        Phone:
        unknown
      </Text>
      <Text
        accessible={true}
        allowFontScaling={true}
        ellipsizeMode="tail"
        style={
          Object {
            "alignItems": "center",
            "backgroundColor": "#fff",
            "justifyContent": "center",
          }
        }
      >
        Websit:
        unknown
      </Text>
      <Text
        accessible={true}
        allowFontScaling={true}
        ellipsizeMode="tail"
        style={
          Object {
            "alignItems": "center",
            "backgroundColor": "#fff",
            "justifyContent": "center",
          }
        }
      >
        Email:
        unknown
      </Text>
      <Text
        accessible={true}
        allowFontScaling={true}
        ellipsizeMode="tail"
        style={
          Object {
            "alignItems": "center",
            "backgroundColor": "#fff",
            "justifyContent": "center",
          }
        }
      >
        Contact:
        unknown
      </Text>
      <View
        style={
          Object {
            "backgroundColor": "#68a0cf",
            "borderColor": "#fff",
            "borderRadius": 10,
            "borderWidth": 1,
            "marginLeft": 40,
            "marginRight": 40,
            "marginTop": 10,
            "paddingBottom": 20,
            "paddingLeft": 20,
            "paddingRight": 20,
            "paddingTop": 20,
            "width": "75%",
          }
        }
      >
        <View
          accessibilityComponentType="button"
          accessibilityLabel={undefined}
          accessibilityTraits={
            Array [
              "button",
            ]
          }
          accessible={true}
          collapsable={undefined}
          hasTVPreferredFocus={undefined}
          hitSlop={undefined}
          isTVSelectable={true}
          nativeID={undefined}
          onLayout={undefined}
          onResponderGrant={[Function]}
          onResponderMove={[Function]}
          onResponderRelease={[Function]}
          onResponderTerminate={[Function]}
          onResponderTerminationRequest={[Function]}
          onStartShouldSetResponder={[Function]}
          style={
            Object {
              "opacity": 1,
            }
          }
          testID={undefined}
          tvParallaxProperties={undefined}
        >
          <View
            style={
              Array [
                Object {},
              ]
            }
          >
            <Text
              accessible={true}
              allowFontScaling={true}
              disabled={undefined}
              ellipsizeMode="tail"
              style={
                Array [
                  Object {
                    "color": "#007AFF",
                    "fontSize": 18,
                    "padding": 8,
                    "textAlign": "center",
                  },
                ]
              }
            >
              Backward
            </Text>
          </View>
        </View>
        <View
          accessibilityComponentType="button"
          accessibilityLabel={undefined}
          accessibilityTraits={
            Array [
              "button",
            ]
          }
          accessible={true}
          collapsable={undefined}
          hasTVPreferredFocus={undefined}
          hitSlop={undefined}
          isTVSelectable={true}
          nativeID={undefined}
          onLayout={undefined}
          onResponderGrant={[Function]}
          onResponderMove={[Function]}
          onResponderRelease={[Function]}
          onResponderTerminate={[Function]}
          onResponderTerminationRequest={[Function]}
          onStartShouldSetResponder={[Function]}
          style={
            Object {
              "opacity": 1,
            }
          }
          testID={undefined}
          tvParallaxProperties={undefined}
        >
          <View
            style={
              Array [
                Object {},
              ]
            }
          >
            <Text
              accessible={true}
              allowFontScaling={true}
              disabled={undefined}
              ellipsizeMode="tail"
              style={
                Array [
                  Object {
                    "color": "#007AFF",
                    "fontSize": 18,
                    "padding": 8,
                    "textAlign": "center",
                  },
                ]
              }
            >
              setAddress
            </Text>
          </View>
        </View>
        <View
          accessibilityComponentType="button"
          accessibilityLabel={undefined}
          accessibilityTraits={
            Array [
              "button",
            ]
          }
          accessible={true}
          collapsable={undefined}
          hasTVPreferredFocus={undefined}
          hitSlop={undefined}
          isTVSelectable={true}
          nativeID={undefined}
          onLayout={undefined}
          onResponderGrant={[Function]}
          onResponderMove={[Function]}
          onResponderRelease={[Function]}
          onResponderTerminate={[Function]}
          onResponderTerminationRequest={[Function]}
          onStartShouldSetResponder={[Function]}
          style={
            Object {
              "opacity": 1,
            }
          }
          testID={undefined}
          tvParallaxProperties={undefined}
        >
          <View
            style={
              Array [
                Object {},
              ]
            }
          >
            <Text
              accessible={true}
              allowFontScaling={true}
              disabled={undefined}
              ellipsizeMode="tail"
              style={
                Array [
                  Object {
                    "color": "#007AFF",
                    "fontSize": 18,
                    "padding": 8,
                    "textAlign": "center",
                  },
                ]
              }
            >
              Forward
            </Text>
          </View>
        </View>
      </View>
    </View>
  </View>
</View>
`;
