// Jest Snapshot v1, https://goo.gl/fbAQLP

exports[`AddressEditFields test should take an AddressEditFields snapshot 1`] = `
ShallowWrapper {
  "length": 1,
  Symbol(enzyme.__root__): [Circular],
  Symbol(enzyme.__unrendered__): <WithStyles(AddressEditFields)
    addressList={
        Object {
            "firstName": "unknown",
            "lastName": "unknown",
          }
    }
/>,
  Symbol(enzyme.__renderer__): Object {
    "batchedUpdates": [Function],
    "getNode": [Function],
    "render": [Function],
    "simulateEvent": [Function],
    "unmount": [Function],
  },
  Symbol(enzyme.__node__): Object {
    "instance": null,
    "key": undefined,
    "nodeType": "class",
    "props": Object {
      "addressList": Object {
        "firstName": "unknown",
        "lastName": "unknown",
      },
      "classes": Object {
        "button": "AddressEditFields-button-1",
        "container": "AddressEditFields-container-2",
        "rootBar": "AddressEditFields-rootBar-3",
      },
    },
    "ref": null,
    "rendered": null,
    "type": [Function],
  },
  Symbol(enzyme.__nodes__): Array [
    Object {
      "instance": null,
      "key": undefined,
      "nodeType": "class",
      "props": Object {
        "addressList": Object {
          "firstName": "unknown",
          "lastName": "unknown",
        },
        "classes": Object {
          "button": "AddressEditFields-button-1",
          "container": "AddressEditFields-container-2",
          "rootBar": "AddressEditFields-rootBar-3",
        },
      },
      "ref": null,
      "rendered": null,
      "type": [Function],
    },
  ],
  Symbol(enzyme.__options__): Object {
    "adapter": ReactSixteenAdapter {
      "options": Object {
        "enableComponentDidUpdateOnSetState": true,
      },
    },
  },
}
`;
