// Jest Snapshot v1, https://goo.gl/fbAQLP

exports[`AddressShow Shallow Suite should take an AddressShow snapshot 1`] = `
<Component
  style={
    Object {
      "marginTop": 25,
      "padding": 10,
    }
  }
>
  <Text
    accessible={true}
    allowFontScaling={true}
    ellipsizeMode="tail"
  >
    firstName:
    unknown
  </Text>
  <Text
    accessible={true}
    allowFontScaling={true}
    ellipsizeMode="tail"
    style={
      Object {
        "alignItems": "center",
        "backgroundColor": "#fff",
        "justifyContent": "center",
      }
    }
  >
    lastName:
    unknown
  </Text>
  <Text
    accessible={true}
    allowFontScaling={true}
    ellipsizeMode="tail"
    style={
      Object {
        "alignItems": "center",
        "backgroundColor": "#fff",
        "justifyContent": "center",
      }
    }
  >
    Street:
    unknown
  </Text>
  <Text
    accessible={true}
    allowFontScaling={true}
    ellipsizeMode="tail"
    style={
      Object {
        "alignItems": "center",
        "backgroundColor": "#fff",
        "justifyContent": "center",
      }
    }
  >
    City:
    unknown
  </Text>
  <Text
    accessible={true}
    allowFontScaling={true}
    ellipsizeMode="tail"
    style={
      Object {
        "alignItems": "center",
        "backgroundColor": "#fff",
        "justifyContent": "center",
      }
    }
  >
    State:
    unknown
  </Text>
  <Text
    accessible={true}
    allowFontScaling={true}
    ellipsizeMode="tail"
    style={
      Object {
        "alignItems": "center",
        "backgroundColor": "#fff",
        "justifyContent": "center",
      }
    }
  >
    Zip:
    unknown
  </Text>
  <Text
    accessible={true}
    allowFontScaling={true}
    ellipsizeMode="tail"
    style={
      Object {
        "alignItems": "center",
        "backgroundColor": "#fff",
        "justifyContent": "center",
      }
    }
  >
    Phone:
    unknown
  </Text>
  <Text
    accessible={true}
    allowFontScaling={true}
    ellipsizeMode="tail"
    style={
      Object {
        "alignItems": "center",
        "backgroundColor": "#fff",
        "justifyContent": "center",
      }
    }
  >
    Websit:
    unknown
  </Text>
  <Text
    accessible={true}
    allowFontScaling={true}
    ellipsizeMode="tail"
    style={
      Object {
        "alignItems": "center",
        "backgroundColor": "#fff",
        "justifyContent": "center",
      }
    }
  >
    Email:
    unknown
  </Text>
  <Text
    accessible={true}
    allowFontScaling={true}
    ellipsizeMode="tail"
    style={
      Object {
        "alignItems": "center",
        "backgroundColor": "#fff",
        "justifyContent": "center",
      }
    }
  >
    Contact:
    unknown
  </Text>
  <Component
    style={
      Object {
        "backgroundColor": "#68a0cf",
        "borderColor": "#fff",
        "borderRadius": 10,
        "borderWidth": 1,
        "marginLeft": 40,
        "marginRight": 40,
        "marginTop": 10,
        "paddingBottom": 20,
        "paddingLeft": 20,
        "paddingRight": 20,
        "paddingTop": 20,
        "width": "75%",
      }
    }
  >
    <Button
      id="Backward"
      onPress={[Function]}
      title="Backward"
    />
    <Button
      id="setAddress"
      onPress={[Function]}
      title="setAddress"
    />
    <Button
      id="Forward"
      onPress={[Function]}
      title="Forward"
    />
  </Component>
</Component>
`;
